thread 1
thread 1
thread 1
thread 1
thread 1
thread 1
thread 1
thread 1
thread 1
thread 1
thread 2
thread 2
thread 2
thread 2
thread 2
thread 2
thread 2
thread 2
thread 2
thread 2
